[0m20:57:01.923126 [debug] [MainThread]: Sending event: {'category': 'dbt', 'action': 'invocation', 'label': 'start', 'context': [<snowplow_tracker.self_describing_json.SelfDescribingJson object at 0x716d770dacf0>, <snowplow_tracker.self_describing_json.SelfDescribingJson object at 0x716d770d9a90>, <snowplow_tracker.self_describing_json.SelfDescribingJson object at 0x716d76c49220>]}


============================== 20:57:01.925346 | e41dd17d-efd4-4d66-b188-38d391dbe18a ==============================
[0m20:57:01.925346 [info ] [MainThread]: Running with dbt=1.12.4
[0m20:57:01.925789 [debug] [MainThread]: running dbt with arguments {'use_experimental_parser': 'False', 'send_anonymous_usage_stats': 'True', 'version_check': 'True', 'fail_fast': 'False', 'hints_enabled': 'True', 'use_colors': 'True', 'profiles_dir': '/home/elom/.dbt', 'indirect_selection': 'eager', 'cache_selected_only': 'False', 'introspect': 'True', 'log_path': 'logs', 'invocation_command': 'dbt debug', 'maximum_seed_size_mib': '1', 'log_format': 'default', 'printer_width': '80', 'log_cache_events': 'False', 'debug': 'False', 'static_parser': 'True', 'warn_error': 'None', 'partial_parse': 'True', 'empty': 'None', 'write_json': 'True', 'target_path': 'None', 'warn_error_options': 'WarnErrorOptionsV2(error=[], warn=[], silence=[])', 'no_print': 'None', 'quiet': 'False'}
[0m20:57:01.933484 [info ] [MainThread]: dbt version: 1.12.4
[0m20:57:01.933921 [info ] [MainThread]: python version: 3.12.3
[0m20:57:01.934184 [info ] [MainThread]: python path: /home/elom/Área de trabalho/Proejtos pessoais/Dimensional-Modeling/env/bin/python3
[0m20:57:01.934428 [info ] [MainThread]: os info: Linux-6.14.0-29-generic-x86_64-with-glibc2.39
[0m20:57:01.938872 [info ] [MainThread]: Error importing adapter: No module named 'dbt.adapters.bigquery'
[0m20:57:01.982004 [info ] [MainThread]: Using profiles dir at /home/elom/.dbt
[0m20:57:01.982439 [info ] [MainThread]: Using profiles.yml file at /home/elom/.dbt/profiles.yml
[0m20:57:01.982780 [info ] [MainThread]: Using dbt_project.yml file at /home/elom/Área de trabalho/Proejtos pessoais/Dimensional-Modeling/dbt_project.yml
[0m20:57:01.983055 [info ] [MainThread]: Configuration:
[0m20:57:01.983286 [info ] [MainThread]:   profiles.yml file [[31mERROR invalid[0m]
[0m20:57:01.983506 [info ] [MainThread]:   dbt_project.yml file [[31mERROR not found[0m]
[0m20:57:01.983748 [info ] [MainThread]: Required dependencies:
[0m20:57:01.984005 [debug] [MainThread]: Executing "git --help"
[0m20:57:01.985422 [debug] [MainThread]: STDOUT: "b"usage: git [-v | --version] [-h | --help] [-C <path>] [-c <name>=<value>]\n           [--exec-path[=<path>]] [--html-path] [--man-path] [--info-path]\n           [-p | --paginate | -P | --no-pager] [--no-replace-objects] [--bare]\n           [--git-dir=<path>] [--work-tree=<path>] [--namespace=<name>]\n           [--config-env=<name>=<envvar>] <command> [<args>]\n\nThese are common Git commands used in various situations:\n\nstart a working area (see also: git help tutorial)\n   clone     Clone a repository into a new directory\n   init      Create an empty Git repository or reinitialize an existing one\n\nwork on the current change (see also: git help everyday)\n   add       Add file contents to the index\n   mv        Move or rename a file, a directory, or a symlink\n   restore   Restore working tree files\n   rm        Remove files from the working tree and from the index\n\nexamine the history and state (see also: git help revisions)\n   bisect    Use binary search to find the commit that introduced a bug\n   diff      Show changes between commits, commit and working tree, etc\n   grep      Print lines matching a pattern\n   log       Show commit logs\n   show      Show various types of objects\n   status    Show the working tree status\n\ngrow, mark and tweak your common history\n   branch    List, create, or delete branches\n   commit    Record changes to the repository\n   merge     Join two or more development histories together\n   rebase    Reapply commits on top of another base tip\n   reset     Reset current HEAD to the specified state\n   switch    Switch branches\n   tag       Create, list, delete or verify a tag object signed with GPG\n\ncollaborate (see also: git help workflows)\n   fetch     Download objects and refs from another repository\n   pull      Fetch from and integrate with another repository or a local branch\n   push      Update remote refs along with associated objects\n\n'git help -a' and 'git help -g' list available subcommands and some\nconcept guides. See 'git help <command>' or 'git help <concept>'\nto read about a specific subcommand or concept.\nSee 'git help git' for an overview of the system.\n""
[0m20:57:01.985774 [debug] [MainThread]: STDERR: "b''"
[0m20:57:01.986001 [info ] [MainThread]:  - git [[32mOK found[0m]

[0m20:57:01.986237 [info ] [MainThread]: Connection test skipped since no profile was found
[0m20:57:01.986505 [info ] [MainThread]: [31m2 checks failed:[0m
[0m20:57:01.986772 [info ] [MainThread]: Could not load dbt_project.yml
Profile loading failed for the following reason:
Runtime Error
  Credentials in profile "crypto_dbt", target "dev" invalid: Runtime Error
    Could not find adapter type bigquery!


[0m20:57:01.987010 [info ] [MainThread]: Project loading failed for the following reason:
 project path </home/elom/Área de trabalho/Proejtos pessoais/Dimensional-Modeling/dbt_project.yml> not found

[0m20:57:01.987658 [debug] [MainThread]: Resource report: {"command_name": "debug", "command_success": false, "command_wall_clock_time": 0.12252845, "process_in_blocks": "0", "process_kernel_time": 0.094796, "process_mem_max_rss": "111292", "process_out_blocks": "16", "process_user_time": 1.106625}
[0m20:57:01.988062 [debug] [MainThread]: Command `dbt debug` failed at 20:57:01.987985 after 0.12 seconds
[0m20:57:01.988370 [debug] [MainThread]: Sending event: {'category': 'dbt', 'action': 'invocation', 'label': 'end', 'context': [<snowplow_tracker.self_describing_json.SelfDescribingJson object at 0x716d7a3b3860>, <snowplow_tracker.self_describing_json.SelfDescribingJson object at 0x716d75cf5c10>, <snowplow_tracker.self_describing_json.SelfDescribingJson object at 0x716d7818f380>]}
[0m20:57:01.988790 [debug] [MainThread]: Flushing usage events
[0m20:57:03.035175 [debug] [MainThread]: An error was encountered while trying to flush usage events
